I'm sorry, but errors were detected in your script. Please correct the
errors listed below, and try again.


File "game/script.rpy", line 479: expected statement.
    studentSmile
                ^

Ren'Py Version: Ren'Py 8.1.3.23091805
Sun Dec  3 17:37:36 2023
